src/pages/dashboard/Analytics.tsx(452,5): error TS1005: ')' expected.
src/pages/dashboard/Analytics.tsx(453,1): error TS1109: Expression expected.
